<html>
<body>
<pre>
<h1>µVision Build Log</h1>
<h2>Project:</h2>
D:\STM32_ïðîåêòû\Core4X9I\MDK-ARM\Core4X9I.uvproj
Project File Date:  06/05/2017

<h2>Output:</h2>
Build target 'Core4X9I'
linking...
Program Size: Code=105746 RO-data=23442 RW-data=2540 ZI-data=653412  
FromELF: creating hex file...
".\output\Core4X9I.axf" - 0 Error(s), 0 Warning(s).
</pre>
</body>
</html>
(s).
et DLL has been cancelled. Debugger aborted !
aborted !
Error: Target DLL has been cancelled. Debugger aborted !
stm32f4xx_exti.c...
compiling main.c...
compiling template.c...
compiling stm32f4xx_it.c...
compiling GUI_X.c...
compiling GUIConf.c...
compiling LCDConf.c...
compiling Start_WindowDLG.c...
compiling MENUDLG.c...
compiling TIMERDLG.c...
compiling ALARMDLG.c...
compiling TIME_DATEDLG.c...
compiling SD_File.c...
compiling KEYDLG.c...
compiling PictureView.c...
compiling diskio.c...
compiling stm324x9i_eval_sdio_sd.c...
compiling mx25l8005.c...
..\USER\MX25\mx25l8005.c(92): warning:  #550-D: variable "temp" was set but never used
        uint16_t temp;
..\USER\MX25\mx25l8005.c(102): warning:  #550-D: variable "temp" was set but never used
        uint16_t temp;
..\USER\MX25\mx25l8005.c(112): warning:  #550-D: variable "temp" was set but never used
        uint16_t temp;
..\USER\MX25\mx25l8005.c(281): warning:  #550-D: variable "temp" was set but never used
        uint16_t temp;
..\USER\MX25\mx25l8005.c: 4 warnings, 0 errors
compiling ssd1963.c...
compiling tsc2046.c...
compiling SDRAM.c...
compiling CAN.c...
linking...
Program Size: Code=104638 RO-data=23442 RW-data=2540 ZI-data=653412  
FromELF: creating hex file...
".\output\Core4X9I.axf" - 0 Error(s), 4 Warning(s).
\fromelf.exe --bin -o Core4x9I.bin .\output\Core4X9I.axf
After Build - User command #2: D:\STM32_ïðîåêòû\Core4X9I\MDK-ARM\user.bat
D:\STM32_¯à®¥ªâë\Core4X9I\MDK-ARM>srec_cat Core4x9I.bin -bin -exclude 0x1C 0x28 -length-l-e 0x1C 4 -generate 0x20 0x28 -repeat-string Core4x9I -o Core4x9I.bin -bin  
D:\STM32_¯à®¥ªâë\Core4X9I\MDK-ARM>srec_cat Core4x9I.bin -bin -crc32-l-e  -max-addr Core4x9I.bin -bin -o Core4x9I.bin -bin 
".\output\Core4X9I.axf" - 0 Error(s), 4 Warning(s).
